Archive member included to satisfy reference by file (symbol)

/usr/lib/x86_64-linux-gnu/libc_nonshared.a(elf-init.oS)
                              /usr/bin/../lib/gcc/x86_64-linux-gnu/9/../../../x86_64-linux-gnu/crt1.o (__libc_csu_init)

Merging program properties

Removed property 0xc0000002 to merge /usr/bin/../lib/gcc/x86_64-linux-gnu/9/../../../x86_64-linux-gnu/crt1.o (0x3) and build/dummy.o (not found)
Removed property 0xc0000002 to merge /usr/bin/../lib/gcc/x86_64-linux-gnu/9/../../../x86_64-linux-gnu/crt1.o (not found) and /usr/lib/x86_64-linux-gnu/libc_nonshared.a(elf-init.oS) (0x3)
Removed property 0xc0000002 to merge /usr/bin/../lib/gcc/x86_64-linux-gnu/9/../../../x86_64-linux-gnu/crt1.o (not found) and /usr/bin/../lib/gcc/x86_64-linux-gnu/9/crtend.o (0x3)
Removed property 0xc0000002 to merge /usr/bin/../lib/gcc/x86_64-linux-gnu/9/../../../x86_64-linux-gnu/crt1.o (not found) and /usr/bin/../lib/gcc/x86_64-linux-gnu/9/../../../x86_64-linux-gnu/crtn.o (0x3)

Allocating common symbols
Common symbol       size              file

textureheight       0x8               build/r_data.o
bombdamage          0x4               build/p_map.o
intercept_p         0x8               build/p_maputl.o
ceilingline         0x8               build/p_map.o
screenheightarray   0x280             build/r_things.o
sscount             0x4               build/r_main.o
bottomtexture       0x4               build/r_segs.o
midtexture          0x4               build/r_segs.o
translationtables   0x8               build/r_draw.o
bestslideline       0x8               build/p_map.o
viewactive          0x4               build/g_game.o
finaleflat          0x8               build/f_finale.o
dc_texturemid       0x4               build/r_draw.o
pspritescale        0x4               build/r_things.o
sound_e             0x4               build/m_menu.o
flatmemory          0x4               build/r_data.o
viewcos             0x4               build/r_main.o
numlines            0x4               build/p_setup.o
dc_iscale           0x4               build/r_draw.o
numsectors          0x4               build/p_setup.o
totalsecret         0x4               build/g_game.o
bottomslope         0x4               build/p_sight.o
sendsave            0x4               build/g_game.o
cachedxstep         0x320             build/r_plane.o
savegamestrings     0xf0              build/m_menu.o
demoname            0x8               build/g_game.o
advancedemo         0x4               build/d_main.o
lines               0x8               build/p_setup.o
bmapheight          0x4               build/p_setup.o
rejectmatrix        0x8               build/p_setup.o
startepisode        0x4               build/d_main.o
setdetail           0x4               build/r_main.o
spechit             0xa0              build/p_map.o
centerxfrac         0x4               build/r_main.o
gamestate           0x4               build/g_game.o
savegamelength      0x4               build/p_saveg.o
skytexturemid       0x4               build/r_sky.o
itemrespawnque      0x500             build/p_mobj.o
overflowsprite      0x50              build/r_things.o
scalelight          0x1800            build/r_main.o
vertexes            0x8               build/p_setup.o
ds_x1               0x4               build/r_draw.o
mousey              0x4               build/g_game.o
pagename            0x8               build/d_main.o
offsetms            0x4               build/d_loop.o
skyflatnum          0x4               build/r_sky.o
toptexture          0x4               build/r_segs.o
t2x                 0x4               build/p_sight.o
vissprites          0x2800            build/r_things.o
lastanim            0x8               build/p_spec.o
epi                 0x4               build/m_menu.o
bodyqueslot         0x4               build/g_game.o
netgame             0x4               build/g_game.o
floorclip           0x280             build/r_plane.o
respawnmonsters     0x4               build/g_game.o
firstflat           0x4               build/r_data.o
vsprsortedhead      0x50              build/r_things.o
baseyscale          0x4               build/r_plane.o
mceilingclip        0x8               build/r_things.o
demosequence        0x4               build/d_main.o
displayplayer       0x4               build/g_game.o
extralight          0x4               build/r_main.o
iquetail            0x4               build/p_mobj.o
caststate           0x8               build/f_finale.o
segs                0x8               build/p_setup.o
d_map               0x4               build/g_game.o
numsides            0x4               build/p_setup.o
cd_Error            0x4               build/i_cdmus.o
texturetranslation  0x8               build/r_data.o
viewplayer          0x8               build/r_main.o
colfunc             0x8               build/r_main.o
dc_yl               0x4               build/r_draw.o
storedemo           0x4               build/d_main.o
[...]
Memory Configuration

Name             Origin             Length             Attributes
*default*        0x0000000000000000 0xffffffffffffffff

Linker script and memory map

LOAD /usr/bin/../lib/gcc/x86_64-linux-gnu/9/../../../x86_64-linux-gnu/crt1.o
LOAD /usr/bin/../lib/gcc/x86_64-linux-gnu/9/../../../x86_64-linux-gnu/crti.o
LOAD /usr/bin/../lib/gcc/x86_64-linux-gnu/9/crtbegin.o
LOAD build/dummy.o
LOAD build/am_map.o
LOAD build/doomdef.o
LOAD build/doomstat.o
LOAD build/dstrings.o
LOAD build/d_event.o
LOAD build/d_items.o
LOAD build/d_iwad.o
LOAD build/d_loop.o
LOAD build/d_main.o
LOAD build/d_mode.o
LOAD build/d_net.o
LOAD build/f_finale.o
LOAD build/f_wipe.o
LOAD build/g_game.o
LOAD build/hu_lib.o
LOAD build/hu_stuff.o
LOAD build/info.o
LOAD build/i_cdmus.o
LOAD build/i_endoom.o
LOAD build/i_joystick.o
LOAD build/i_scale.o
LOAD build/i_sound.o
LOAD build/i_system.o
LOAD build/i_timer.o
LOAD build/memio.o
LOAD build/m_argv.o
LOAD build/m_bbox.o
LOAD build/m_cheat.o
LOAD build/m_config.o
LOAD build/m_controls.o
LOAD build/m_fixed.o
LOAD build/m_menu.o
LOAD build/m_misc.o
LOAD build/m_random.o
LOAD build/p_ceilng.o
LOAD build/p_doors.o
LOAD build/p_enemy.o
LOAD build/p_floor.o
LOAD build/p_inter.o
LOAD build/p_lights.o
LOAD build/p_map.o
LOAD build/p_maputl.o
LOAD build/p_mobj.o
LOAD build/p_plats.o
LOAD build/p_pspr.o
LOAD build/p_saveg.o
LOAD build/p_setup.o
LOAD build/p_sight.o
LOAD build/p_spec.o
LOAD build/p_switch.o
LOAD build/p_telept.o
LOAD build/p_tick.o
LOAD build/p_user.o
LOAD build/r_bsp.o
LOAD build/r_data.o
LOAD build/r_draw.o
LOAD build/r_main.o
LOAD build/r_plane.o
LOAD build/r_segs.o
LOAD build/r_sky.o
LOAD build/r_things.o
LOAD build/sha1.o
LOAD build/sounds.o
LOAD build/statdump.o
LOAD build/st_lib.o
LOAD build/st_stuff.o
LOAD build/s_sound.o
LOAD build/tables.o
LOAD build/v_video.o
LOAD build/wi_stuff.o
LOAD build/w_checksum.o
LOAD build/w_file.o
LOAD build/w_main.o
LOAD build/w_wad.o
LOAD build/z_zone.o
LOAD build/w_file_stdc.o
LOAD build/i_input.o
LOAD build/i_video.o
LOAD build/doomgeneric.o
LOAD build/doomgeneric_xlib.o
LOAD /usr/bin/../lib/gcc/x86_64-linux-gnu/9/../../../x86_64-linux-gnu/libm.so
START GROUP
LOAD /lib/x86_64-linux-gnu/libm.so.6
LOAD /lib/x86_64-linux-gnu/libmvec.so.1
END GROUP
LOAD /usr/bin/../lib/gcc/x86_64-linux-gnu/9/../../../x86_64-linux-gnu/libc.so
START GROUP
LOAD /lib/x86_64-linux-gnu/libc.so.6
LOAD /usr/lib/x86_64-linux-gnu/libc_nonshared.a
LOAD /lib/x86_64-linux-gnu/ld-linux-x86-64.so.2
END GROUP
LOAD /usr/bin/../lib/gcc/x86_64-linux-gnu/9/../../../x86_64-linux-gnu/libX11.so
LOAD /usr/bin/../lib/gcc/x86_64-linux-gnu/9/libgcc.a
LOAD /usr/bin/../lib/gcc/x86_64-linux-gnu/9/libgcc_s.so
START GROUP
LOAD /usr/bin/../lib/gcc/x86_64-linux-gnu/9/../../../x86_64-linux-gnu/libgcc_s.so.1
LOAD /usr/bin/../lib/gcc/x86_64-linux-gnu/9/libgcc.a
END GROUP
LOAD /usr/bin/../lib/gcc/x86_64-linux-gnu/9/../../../x86_64-linux-gnu/libc.so
START GROUP
LOAD /lib/x86_64-linux-gnu/libc.so.6
LOAD /usr/lib/x86_64-linux-gnu/libc_nonshared.a
LOAD /lib/x86_64-linux-gnu/ld-linux-x86-64.so.2
END GROUP
LOAD /usr/bin/../lib/gcc/x86_64-linux-gnu/9/libgcc.a
LOAD /usr/bin/../lib/gcc/x86_64-linux-gnu/9/libgcc_s.so
START GROUP
LOAD /usr/bin/../lib/gcc/x86_64-linux-gnu/9/../../../x86_64-linux-gnu/libgcc_s.so.1
LOAD /usr/bin/../lib/gcc/x86_64-linux-gnu/9/libgcc.a
END GROUP
LOAD /usr/bin/../lib/gcc/x86_64-linux-gnu/9/crtend.o
LOAD /usr/bin/../lib/gcc/x86_64-linux-gnu/9/../../../x86_64-linux-gnu/crtn.o
                [!provide]                        PROVIDE (__executable_start = SEGMENT_START ("text-segment", 0x400000))
                0x00000000004002a8                . = (SEGMENT_START ("text-segment", 0x400000) + SIZEOF_HEADERS)

.interp         0x00000000004002a8       0x1c
 *(.interp)
 .interp        0x00000000004002a8       0x1c /usr/bin/../lib/gcc/x86_64-linux-gnu/9/../../../x86_64-linux-gnu/crt1.o

.note.gnu.build-id
                0x00000000004002c4       0x24
 *(.note.gnu.build-id)
 .note.gnu.build-id
                0x00000000004002c4       0x24 /usr/bin/../lib/gcc/x86_64-linux-gnu/9/../../../x86_64-linux-gnu/crt1.o

.note.ABI-tag   0x00000000004002e8       0x20
 .note.ABI-tag  0x00000000004002e8       0x20 /usr/bin/../lib/gcc/x86_64-linux-gnu/9/../../../x86_64-linux-gnu/crt1.o

.hash
 *(.hash)

.gnu.hash       0x0000000000400308       0x24
 *(.gnu.hash)
 .gnu.hash      0x0000000000400308       0x24 /usr/bin/../lib/gcc/x86_64-linux-gnu/9/../../../x86_64-linux-gnu/crt1.o

.dynsym         0x0000000000400330      0x5e8
 *(.dynsym)
 .dynsym        0x0000000000400330      0x5e8 /usr/bin/../lib/gcc/x86_64-linux-gnu/9/../../../x86_64-linux-gnu/crt1.o

.dynstr         0x0000000000400918      0x297
 *(.dynstr)
 .dynstr        0x0000000000400918      0x297 /usr/bin/../lib/gcc/x86_64-linux-gnu/9/../../../x86_64-linux-gnu/crt1.o

.gnu.version    0x0000000000400bb0       0x7e
 *(.gnu.version)
 .gnu.version   0x0000000000400bb0       0x7e /usr/bin/../lib/gcc/x86_64-linux-gnu/9/../../../x86_64-linux-gnu/crt1.o

.gnu.version_d  0x0000000000400c30        0x0
 *(.gnu.version_d)
 .gnu.version_d
                0x0000000000400c30        0x0 /usr/bin/../lib/gcc/x86_64-linux-gnu/9/../../../x86_64-linux-gnu/crt1.o

.gnu.version_r  0x0000000000400c30       0x50
 *(.gnu.version_r)
 .gnu.version_r
                0x0000000000400c30       0x50 /usr/bin/../lib/gcc/x86_64-linux-gnu/9/../../../x86_64-linux-gnu/crt1.o

.rela.dyn       0x0000000000400c80       0x48
 *(.rela.init)
 *(.rela.text .rela.text.* .rela.gnu.linkonce.t.*)
 .rela.text     0x0000000000400c80        0x0 /usr/bin/../lib/gcc/x86_64-linux-gnu/9/../../../x86_64-linux-gnu/crt1.o
 *(.rela.fini)
 *(.rela.rodata .rela.rodata.* .rela.gnu.linkonce.r.*)
 .rela.rodata   0x0000000000400c80        0x0 /usr/bin/../lib/gcc/x86_64-linux-gnu/9/../../../x86_64-linux-gnu/crt1.o
 *(.rela.data .rela.data.* .rela.gnu.linkonce.d.*)
 .rela.data.rel.ro
                0x0000000000400c80        0x0 /usr/bin/../lib/gcc/x86_64-linux-gnu/9/../../../x86_64-linux-gnu/crt1.o
 *(.rela.tdata .rela.tdata.* .rela.gnu.linkonce.td.*)
 *(.rela.tbss .rela.tbss.* .rela.gnu.linkonce.tb.*)
 *(.rela.ctors)
 *(.rela.dtors)
 *(.rela.got)
 .rela.got      0x0000000000400c80       0x30 /usr/bin/../lib/gcc/x86_64-linux-gnu/9/../../../x86_64-linux-gnu/crt1.o
 *(.rela.bss .rela.bss.* .rela.gnu.linkonce.b.*)
 .rela.bss      0x0000000000400cb0       0x18 /usr/bin/../lib/gcc/x86_64-linux-gnu/9/../../../x86_64-linux-gnu/crt1.o
 *(.rela.ldata .rela.ldata.* .rela.gnu.linkonce.l.*)
 *(.rela.lbss .rela.lbss.* .rela.gnu.linkonce.lb.*)
 *(.rela.lrodata .rela.lrodata.* .rela.gnu.linkonce.lr.*)
 *(.rela.ifunc)

.rela.plt       0x0000000000400cc8      0x588
 *(.rela.plt)
 .rela.plt      0x0000000000400cc8      0x588 /usr/bin/../lib/gcc/x86_64-linux-gnu/9/../../../x86_64-linux-gnu/crt1.o
                [!provide]                        PROVIDE (__rela_iplt_start = .)
 *(.rela.iplt)
 .rela.iplt     0x0000000000401250        0x0 /usr/bin/../lib/gcc/x86_64-linux-gnu/9/../../../x86_64-linux-gnu/crt1.o
                [!provide]                        PROVIDE (__rela_iplt_end = .)
                0x0000000000402000                . = ALIGN (CONSTANT (MAXPAGESIZE))

.init           0x0000000000402000       0x1b
 *(SORT_NONE(.init))
 .init          0x0000000000402000       0x16 /usr/bin/../lib/gcc/x86_64-linux-gnu/9/../../../x86_64-linux-gnu/crti.o
                0x0000000000402000                _init
 .init          0x0000000000402016        0x5 /usr/bin/../lib/gcc/x86_64-linux-gnu/9/../../../x86_64-linux-gnu/crtn.o

.plt            0x0000000000402020      0x3c0
 *(.plt)
 .plt           0x0000000000402020      0x3c0 /usr/bin/../lib/gcc/x86_64-linux-gnu/9/../../../x86_64-linux-gnu/crt1.o
                0x0000000000402030                XkbSetDetectableAutoRepeat
                0x0000000000402040                printf@@GLIBC_2.2.5
                0x0000000000402050                memset@@GLIBC_2.2.5
                0x0000000000402060                ftell@@GLIBC_2.2.5
                0x0000000000402070                snprintf@@GLIBC_2.2.5
                0x0000000000402080                memchr@@GLIBC_2.2.5
                0x0000000000402090                puts@@GLIBC_2.2.5
                0x00000000004020a0                fseek@@GLIBC_2.2.5
                0x00000000004020b0                __isoc99_sscanf@@GLIBC_2.7
                0x00000000004020c0                toupper@@GLIBC_2.2.5
                0x00000000004020d0                exit@@GLIBC_2.2.5
                0x00000000004020e0                XCreateImage
                0x00000000004020f0                strcasecmp@@GLIBC_2.2.5
                0x0000000000402100                gettimeofday@@GLIBC_2.2.5
                0x0000000000402110                putchar@@GLIBC_2.2.5
                0x0000000000402120                strncmp@@GLIBC_2.2.5
                0x0000000000402130                malloc@@GLIBC_2.2.5
                0x0000000000402140                fopen@@GLIBC_2.2.5
                0x0000000000402150                system@@GLIBC_2.2.5
                0x0000000000402160                XCreateSimpleWindow
                0x0000000000402170                XOpenDisplay
                0x0000000000402180                atof@@GLIBC_2.2.5
                0x0000000000402190                vfprintf@@GLIBC_2.2.5
                0x00000000004021a0                __ctype_toupper_loc@@GLIBC_2.3
                0x00000000004021b0                free@@GLIBC_2.2.5
                0x00000000004021c0                fread_unlocked@@GLIBC_2.2.5
                0x00000000004021d0                strlen@@GLIBC_2.2.5
                0x00000000004021e0                XSetForeground
                0x00000000004021f0                strrchr@@GLIBC_2.2.5
                0x0000000000402200                XNextEvent
                0x0000000000402210                fwrite_unlocked@@GLIBC_2.2.5
                0x0000000000402220                usleep@@GLIBC_2.2.5
                0x0000000000402230                strstr@@GLIBC_2.2.5
                0x0000000000402240                atoi@@GLIBC_2.2.5
                0x0000000000402250                XMapWindow
                0x0000000000402260                vsnprintf@@GLIBC_2.2.5
                0x0000000000402270                fread@@GLIBC_2.2.5
                0x0000000000402280                XCreateGC
                0x0000000000402290                XSelectInput
                0x00000000004022a0                __errno_location@@GLIBC_2.2.5
                0x00000000004022b0                strdup@@GLIBC_2.2.5
                0x00000000004022c0                strncasecmp@@GLIBC_2.2.5
                0x00000000004022d0                XPutImage
                0x00000000004022e0                strcmp@@GLIBC_2.2.5
                0x00000000004022f0                tolower@@GLIBC_2.2.5
                0x0000000000402300                XKeycodeToKeysym
                0x0000000000402310                calloc@@GLIBC_2.2.5
                0x0000000000402320                fclose@@GLIBC_2.2.5
                0x0000000000402330                remove@@GLIBC_2.2.5
                0x0000000000402340                strncpy@@GLIBC_2.2.5
                0x0000000000402350                XChangeProperty
                0x0000000000402360                fwrite@@GLIBC_2.2.5
                0x0000000000402370                realloc@@GLIBC_2.2.5
                0x0000000000402380                fprintf@@GLIBC_2.2.5
                0x0000000000402390                memcpy@@GLIBC_2.14
                0x00000000004023a0                rename@@GLIBC_2.2.5
                0x00000000004023b0                XPending
                0x00000000004023c0                mkdir@@GLIBC_2.2.5
                0x00000000004023d0                fflush@@GLIBC_2.2.5
 *(.iplt)
 .iplt          0x00000000004023e0        0x0 /usr/bin/../lib/gcc/x86_64-linux-gnu/9/../../../x86_64-linux-gnu/crt1.o

.plt.got        0x00000000004023e0        0x0
 *(.plt.got)
 .plt.got       0x00000000004023e0        0x0 /usr/bin/../lib/gcc/x86_64-linux-gnu/9/../../../x86_64-linux-gnu/crt1.o

.plt.sec
 *(.plt.sec)

.text           0x00000000004023e0    0x25b15
 *(.text.unlikely .text.*_unlikely .text.unlikely.*)
 *(.text.exit .text.exit.*)
 *(.text.startup .text.startup.*)
 *(.text.hot .text.hot.*)
 *(SORT_BY_NAME(.text.sorted.*))
 *(.text .stub .text.* .gnu.linkonce.t.*)
 .text          0x00000000004023e0       0x35 /usr/bin/../lib/gcc/x86_64-linux-gnu/9/../../../x86_64-linux-gnu/crt1.o
                0x00000000004023e0                _start
                0x0000000000402410                _dl_relocate_static_pie
 *fill*         0x0000000000402415        0xb 
 .text          0x0000000000402420       0xa6 /usr/bin/../lib/gcc/x86_64-linux-gnu/9/crtbegin.o
 *fill*         0x00000000004024c6        0x2 
 .text          0x00000000004024c8     0x1a0b build/am_map.o
                0x00000000004024c8                AM_getIslope
                0x000000000040251e                AM_activateNewScale
                0x00000000004025cf                AM_saveScaleAndLoc
                0x0000000000402600                AM_restoreScaleAndLoc
                0x00000000004026a8                AM_addMark
                0x000000000040270d                AM_findMinMaxBoundaries
                0x000000000040282b                AM_changeWindowLoc
                0x00000000004028ec                AM_initVariables
                0x0000000000402a47                AM_loadPics
                0x0000000000402a91                AM_unloadPics
                0x0000000000402aca                AM_clearMarks
                0x0000000000402aec                AM_LevelInit
                0x0000000000402b5f                AM_Stop
                0x0000000000402b82                AM_Start
                0x0000000000402bf7                AM_minOutWindowScale
                0x0000000000402c1a                AM_maxOutWindowScale
                0x0000000000402c3d                AM_Responder
                0x00000000004030ac                AM_changeWindowScale
                0x000000000040310c                AM_doFollowPlayer
                0x00000000004031dd                AM_updateLightLev
                0x000000000040323c                AM_Ticker
                0x0000000000403281                AM_clearFB
                0x00000000004032b3                AM_clipMline
                0x0000000000403615                AM_drawFline
                0x00000000004037a4                AM_drawMline
                0x00000000004037c4                AM_drawGrid
                0x00000000004038d6                AM_drawWalls
                0x00000000004039fc                AM_rotate
                0x0000000000403a66                AM_drawLineCharacter
                0x0000000000403ba8                AM_drawPlayers
                0x0000000000403c77                AM_drawThings
                0x0000000000403cf4                AM_drawMarks
                0x0000000000403dc7                AM_drawCrosshair
                0x0000000000403dff                AM_Drawer
 *fill*         0x0000000000403ed3        0x1 
 .text          0x0000000000403ed4       0x77 build/d_event.o
                0x0000000000403ed4                D_PostEvent
                0x0000000000403f12                D_PopEvent
 *fill*         0x0000000000403f4b        0x1 
 .text          0x0000000000403f4c      0x3f8 build/d_iwad.o
                0x0000000000403f4c                D_FindWADByName
                0x000000000040405e                D_TryFindWADByName
                0x0000000000404070                D_FindIWAD
                0x0000000000404258                D_FindAllIWADs
                0x00000000004042c6                D_SaveGameIWADName
                0x00000000004042e9                D_SuggestIWADName
                0x0000000000404314                D_SuggestGameName
 .text          0x0000000000404344      0x5c6 build/d_loop.o
                0x0000000000404344                NetUpdate
                0x00000000004044bc                D_ReceiveTic
                0x000000000040454d                D_StartGameLoop
                0x000000000040459a                D_StartNetGame
                0x00000000004045d1                D_InitNetGame
                0x00000000004045f1                D_QuitNetGame
                0x00000000004045f2                TryRunTics
                0x0000000000404902                D_RegisterLoopCallbacks
 *fill*         0x000000000040490a        0x2 
 .text          0x000000000040490c     0x13c5 build/d_main.o
                0x000000000040490c                D_ProcessEvents
                0x0000000000404946                D_Display
                0x0000000000404c8f                D_PageDrawer
                0x0000000000404cae                D_BindVariables
                0x0000000000404dd2                D_GrabMouseCallback
                0x0000000000404e04                doomgeneric_Tick
                0x0000000000404e3a                D_DoomLoop
                0x0000000000404ed1                D_PageTicker
                0x0000000000404ef0                D_AdvanceDemo
                0x0000000000404efb                D_DoAdvanceDemo
                0x0000000000405067                D_StartTitle
                0x0000000000405086                D_IdentifyVersion
                0x0000000000405201                D_SetGameDescription
                0x00000000004052e4                PrintDehackedBanners
                0x00000000004052e5                PrintGameVersion
                0x0000000000405328                D_DoomMain
 *fill*         0x0000000000405cd1        0x3 
 .text          0x0000000000405cd4      0x11d build/d_mode.o
                0x0000000000405cd4                D_ValidGameMode
                0x0000000000405cfa                D_ValidEpisodeMap
                0x0000000000405d69                D_GetNumEpisodes
                0x0000000000405d96                D_ValidGameVersion
                0x0000000000405dc7                D_IsEpisodeMap
                0x0000000000405dda                D_GameMissionString
 *fill*         0x0000000000405df1        0x3 
 .text          0x0000000000405df4      0x378 build/d_net.o
                0x0000000000405df4                D_ConnectNetGame
                0x0000000000405ecf                D_CheckNetGame
 .text          0x000000000040616c      0xb41 build/f_finale.o
                0x000000000040616c                F_StartFinale
                0x0000000000406248                F_Responder
                0x0000000000406258                F_CastResponder
                0x00000000004062d6                F_Ticker
                0x000000000040639d                F_StartCast
                0x0000000000406410                F_CastTicker
                0x00000000004067f1                F_TextWrite
                0x000000000040691b                F_CastPrint
                0x00000000004069c9                F_CastDrawer
                0x0000000000406a5f                F_DrawPatchCol
                0x0000000000406ac2                F_BunnyScroll
                0x0000000000406c38                F_Drawer
 *fill*         0x0000000000406cad        0x3 
 .text          0x0000000000406cb0      0x4b7 build/f_wipe.o
                0x0000000000406cb0                wipe_shittyColMajorXform
                0x0000000000406d4b                wipe_initColorXForm
                0x0000000000406d6f                wipe_doColorXForm
                0x0000000000406dd3                wipe_exitColorXForm
                0x0000000000406dd6                wipe_initMelt
                0x0000000000406ec7                wipe_doMelt
                0x000000000040702e                wipe_exitMelt
                0x0000000000407057                wipe_StartScreen
                0x000000000040707c                wipe_EndScreen
                0x00000000004070d0                wipe_ScreenWipe
 *fill*         0x0000000000407167        0x1 
 .text          0x0000000000407168     0x22bb build/g_game.o
                0x0000000000407168                G_CmdChecksum
                0x0000000000407171                G_BuildTiccmd
                0x000000000040782a                G_DoLoadLevel
                0x00000000004079ba                G_Responder
                0x0000000000407cbd                G_Ticker
                0x000000000040801a                G_DoReborn
                0x00000000004080e6                G_DoNewGame
                0x0000000000408149                G_DoLoadGame
                0x00000000004081fd                G_DoSaveGame
                0x0000000000408343                G_DoPlayDemo
                0x0000000000408545                G_DoCompleted
                0x0000000000408831                G_DoWorldDone
                0x000000000040885f                G_ReadDemoTiccmd
                0x00000000004088df                G_WriteDemoTiccmd
                0x0000000000408a28                G_InitPlayer
                0x0000000000408a2d                G_PlayerReborn
                0x0000000000408aca                G_PlayerFinishLevel
                0x0000000000408b0e                G_CheckSpot
                0x0000000000408ce1                G_DeathMatchSpawnPlayer
                0x0000000000408d7d                G_ScreenShot
                0x0000000000408d88                G_ExitLevel
                0x0000000000408d9d                G_SecretExitLevel
                0x0000000000408dd0                G_WorldDone
                0x0000000000408e2e                G_LoadGame
                0x0000000000408e4d                G_InitNew
                0x000000000040902b                G_SaveGame
                0x000000000040904d                G_DeferedInitNew
                0x000000000040906a                G_CheckDemoStatus
                0x0000000000409198                G_RecordDemo
                0x0000000000409245                G_VanillaVersionCode
                0x0000000000409283                G_BeginRecording
                0x00000000004093d9                G_DeferedPlayDemo
                0x00000000004093eb                G_TimeDemo
 *fill*         0x0000000000409423        0x1 
 .text          0x0000000000409424      0x5c7 build/hu_lib.o
                0x0000000000409424                HUlib_init
                0x0000000000409425                HUlib_clearTextLine
                0x0000000000409438                HUlib_initTextLine
                0x0000000000409458                HUlib_addCharToTextLine
                0x0000000000409485                HUlib_delCharFromTextLine
                0x00000000004094aa                HUlib_drawTextLine
                0x000000000040957f                HUlib_eraseTextLine
                0x0000000000409631                HUlib_initSText
                0x000000000040969e                HUlib_addLineToSText
                0x00000000004096f0                HUlib_addMessageToSText
                0x00000000004097a6                HUlib_drawSText
                0x00000000004097ff                HUlib_eraseSText
                0x0000000000409864                HUlib_initIText
                0x0000000000409893                HUlib_delCharFromIText
                0x00000000004098b5                HUlib_eraseLineFromIText
                0x00000000004098db                HUlib_resetIText
                0x00000000004098ef                HUlib_addPrefixToIText
                0x000000000040992c                HUlib_keyInIText
                0x00000000004099a4                HUlib_drawIText
                0x00000000004099b8                HUlib_eraseIText
 *fill*         0x00000000004099eb        0x1 
 .text          0x00000000004099ec      0x7f8 build/hu_stuff.o
                0x00000000004099ec                HU_Init
                0x0000000000409a38                HU_Stop
                0x0000000000409a40                HU_Start
                0x0000000000409bf6                HU_Drawer
                0x0000000000409c23                HU_Erase
                0x0000000000409c43                HU_Ticker
                0x0000000000409df6                HU_queueChatChar
                0x0000000000409e2c                HU_dequeueChatChar
                0x0000000000409e50                HU_Responder
 .text          0x000000000040a1e4        0x1 build/i_endoom.o
                0x000000000040a1e4                I_Endoom
 *fill*         0x000000000040a1e5        0x3 
 .text          0x000000000040a1e8       0xc7 build/i_joystick.o
                0x000000000040a1e8                I_ShutdownJoystick
                0x000000000040a1e9                I_InitJoystick
                0x000000000040a1ea                I_UpdateJoystick
                0x000000000040a1eb                I_BindJoystickVariables
 *fill*         0x000000000040a2af        0x1 
 .text          0x000000000040a2b0       0xd4 build/i_sound.o
                0x000000000040a2b0                I_InitSound
                0x000000000040a2d0                I_ShutdownSound
                0x000000000040a2d1                I_GetSfxLumpNum
                0x000000000040a2d4                I_UpdateSound
                0x000000000040a2d5                I_UpdateSoundParams
                0x000000000040a2d6                I_StartSound
                0x000000000040a2d9                I_StopSound
                0x000000000040a2da                I_SoundIsPlaying
                0x000000000040a2dd                I_PrecacheSounds
                0x000000000040a2de                I_InitMusic
                0x000000000040a2df                I_ShutdownMusic
                0x000000000040a2e0                I_SetMusicVolume
                0x000000000040a2e1                I_PauseSong
                0x000000000040a2e2                I_ResumeSong
                0x000000000040a2e3                I_RegisterSong
                0x000000000040a2e6                I_UnRegisterSong
                0x000000000040a2e7                I_PlaySong
                0x000000000040a2e8                I_StopSong
                0x000000000040a2e9                I_MusicIsPlaying
                0x000000000040a2ec                I_BindSoundVariables
 .text          0x000000000040a384      0x52d build/i_system.o
                0x000000000040a384                I_AtExit
                0x000000000040a3b5                I_Tactile
                0x000000000040a3b6                I_ZoneBase
                0x000000000040a453                I_PrintBanner
                0x000000000040a490                I_PrintDivider
                0x000000000040a4af                I_PrintStartupBanner
                0x000000000040a4d5                I_ConsoleStdout
                0x000000000040a4d8                I_Quit
                0x000000000040a4ef                I_Error
                0x000000000040a71b                I_GetMemoryValue
 *fill*         0x000000000040a8b1        0x3 
 .text          0x000000000040a8b4       0x58 build/i_timer.o
                0x000000000040a8b4                I_GetTicks
                0x000000000040a8bb                I_GetTime
                0x000000000040a8e7                I_GetTimeMS
                0x000000000040a905                I_Sleep
                0x000000000040a90a                I_WaitVBL
                0x000000000040a90b                I_InitTimer
 .text          0x000000000040a90c       0x94 build/m_argv.o
                0x000000000040a90c                M_CheckParmWithArgs
                0x000000000040a960                M_ParmExists
                0x000000000040a973                M_CheckParm
                0x000000000040a97a                M_FindResponseFile
                0x000000000040a97b                M_GetExecutableName
 .text          0x000000000040a9a0       0x33 build/m_bbox.o
                0x000000000040a9a0                M_ClearBox
                0x000000000040a9ab                M_AddToBox
 *fill*         0x000000000040a9d3        0x1 
 .text          0x000000000040a9d4       0xbf build/m_cheat.o
                0x000000000040a9d4                cht_CheckCheat
                0x000000000040aa80                cht_GetParam
 *fill*         0x000000000040aa93        0x1 
 .text          0x000000000040aa94      0x33a build/m_config.o
                0x000000000040aa94                M_SetConfigFilenames
                0x000000000040aaa3                M_SaveDefaults
                0x000000000040aaa4                M_SaveDefaultsAlternate
                0x000000000040aaa5                M_LoadDefaults
                0x000000000040ab65                M_BindVariable
                0x000000000040abc8                M_SetVariable
                0x000000000040ac5b                M_GetIntVariable
                0x000000000040ac7f                M_GetStrVariable
                0x000000000040aca3                M_GetFloatVariable
                0x000000000040acc7                M_SetConfigDir
                0x000000000040ad0a                M_GetSaveGameDir
 *fill*         0x000000000040adce        0x2 
 .text          0x000000000040add0      0x760 build/m_controls.o
                0x000000000040add0                M_BindBaseControls
                0x000000000040af67                M_BindHereticControls
                0x000000000040aff0                M_BindHexenControls
                0x000000000040b097                M_BindStrifeControls
                0x000000000040b1c5                M_BindWeaponControls
                0x000000000040b299                M_BindMapControls
                0x000000000040b34f                M_BindMenuControls
                0x000000000040b4c8                M_BindChatControls
                0x000000000040b52f                M_ApplyPlatformDefaults
 .text          0x000000000040b530       0x44 build/m_fixed.o
                0x000000000040b530                FixedMul
                0x000000000040b53f                FixedDiv
 .text          0x000000000040b574     0x1f05 build/m_menu.o
                0x000000000040b574                M_NewGame
                0x000000000040b604                M_Options
                0x000000000040b61e                M_LoadGame
                0x000000000040b683                M_SaveGame
                0x000000000040b6f2                M_ReadThis
                0x000000000040b70c                M_QuitDOOM
                0x000000000040b78f                M_DrawMainMenu
                0x000000000040b7b2                M_Episode
                0x000000000040b84d                M_DrawEpisode
                0x000000000040b870                M_ChooseSkill
                0x000000000040b8c7                M_DrawNewGame
                0x000000000040b90b                M_EndGame
                0x000000000040b992                M_ChangeMessages
                0x000000000040b9d2                M_ChangeDetail
                0x000000000040ba1b                M_SizeDisplay
                0x000000000040ba62                M_ChangeSensitivity
                0x000000000040ba8d                M_Sound
                0x000000000040baa7                M_DrawOptions
                0x000000000040bb88                M_ReadThis2
                0x000000000040bbcc                M_DrawReadThis1
                0x000000000040bc83                M_FinishReadThis
                0x000000000040bc9d                M_DrawReadThis2
                0x000000000040bcc4                M_SfxVol
                0x000000000040bd02                M_MusicVol
                0x000000000040bd40                M_DrawSound
                0x000000000040bda5                M_LoadSelect
                0x000000000040bde0                M_DrawLoad
                0x000000000040be50                M_SaveSelect
                0x000000000040bea6                M_DrawSave
                0x000000000040bf5f                M_ReadSaveStrings
                0x000000000040c00c                M_DrawSaveLoadBorder
                0x000000000040c095                M_WriteText
                0x000000000040c105                M_ClearMenus
                0x000000000040c110                M_StartMessage
                0x000000000040c142                M_SetupNextMenu
                0x000000000040c155                M_StringWidth
                0x000000000040c1b7                M_DoSave
                0x000000000040c1e9                M_QuickSaveResponse
                0x000000000040c234                M_QuickSave
                0x000000000040c315                M_StartControlPanel
                0x000000000040c343                M_QuickLoadResponse
                0x000000000040c366                M_QuickLoad
                0x000000000040c3f2                M_DrawThermo
                0x000000000040c497                M_VerifyNightmare
                0x000000000040c4c3                M_EndGameResponse
                0x000000000040c4ed                M_QuitResponse
                0x000000000040c539                M_DrawEmptyCell
                0x000000000040c570                M_DrawSelCell
                0x000000000040c5a7                M_StopMessage
                0x000000000040c5be                M_StringHeight
                0x000000000040c615                M_Responder
                0x000000000040d160                M_Drawer
                0x000000000040d39f                M_Ticker
                0x000000000040d3c6                M_Init
 *fill*         0x000000000040d479        0x3 
 .text          0x000000000040d47c      0x79d build/m_misc.o
                0x000000000040d47c                M_MakeDirectory
                0x000000000040d486                M_FileExists
                0x000000000040d4b7                M_FileLength
                0x000000000040d4f7                M_WriteFile
                0x000000000040d544                M_ReadFile
                0x000000000040d5e2                M_TempFile
                0x000000000040d5f8                M_StringJoin
                0x000000000040d784                M_StrToInt
                0x000000000040d7f7                M_ExtractFileBase
                0x000000000040d865                M_ForceUppercase
                0x000000000040d89a                M_StrCaseStr
                0x000000000040d8f7                M_StringDuplicate
                0x000000000040d92d                M_StringReplace
                0x000000000040da3c                M_StringCopy
                0x000000000040da76                M_StringConcat
                0x000000000040daa9                M_StringStartsWith
                0x000000000040dae8                M_StringEndsWith
                0x000000000040db2d                M_vsnprintf
                0x000000000040db64                M_snprintf
 *fill*         0x000000000040dc19        0x3 
 .text          0x000000000040dc1c       0x41 build/m_random.o
                0x000000000040dc1c                P_Random
                0x000000000040dc35                M_Random
                0x000000000040dc4e                M_ClearRandom
 *fill*         0x000000000040dc5d        0x3 
 .text          0x000000000040dc60      0x3e3 build/p_ceilng.o
                0x000000000040dc60                T_MoveCeiling
                0x000000000040dda8                P_RemoveActiveCeiling
                0x000000000040ddea                EV_DoCeiling
                0x000000000040dfa2                P_ActivateInStasisCeiling
                0x000000000040dfd9                P_AddActiveCeiling
                0x000000000040dff9                EV_CeilingCrushStop
 *fill*         0x000000000040e043        0x1 
 .text          0x000000000040e044      0x75f build/p_doors.o
                0x000000000040e044                T_VerticalDoor
                0x000000000040e1d1                EV_DoLockedDoor
                0x000000000040e27d                EV_DoDoor
                0x000000000040e46e                EV_VerticalDoor
                0x000000000040e6d6                P_SpawnDoorCloseIn30
                0x000000000040e72e                P_SpawnDoorRaiseIn5Mins
 *fill*         0x000000000040e7a3        0x1 
 .text          0x000000000040e7a4     0x1fbf build/p_enemy.o
                0x000000000040e7a4                P_RecursiveSound
                0x000000000040e86b                P_NoiseAlert
                0x000000000040e886                P_CheckMeleeRange
                0x000000000040e8e0                P_CheckMissileRange
                0x000000000040e9c1                P_Move
                0x000000000040eadd                P_TryWalk
                0x000000000040eb03                P_NewChaseDir
                0x000000000040ecea                P_LookForPlayers
                0x000000000040edd4                A_KeenDie
                0x000000000040ee3c                A_Fall
                0x000000000040ee44                A_Look
                0x000000000040ef12                A_Chase
                0x000000000040f120                A_FaceTarget
                0x000000000040f178                A_PosAttack
                0x000000000040f221                A_SPosAttack
                0x000000000040f2d1                A_CPosAttack
                0x000000000040f37a                A_CPosRefire
                0x000000000040f3c3                A_SpidRefire
                0x000000000040f40c                A_BspiAttack
                0x000000000040f436                A_TroopAttack
                0x000000000040f4a8                A_SargAttack
                0x000000000040f505                A_HeadAttack
                0x000000000040f579                A_CyberAttack
                0x000000000040f5a3                A_BruisAttack
                0x000000000040f60c                A_SkelMissile
                0x000000000040f65d                A_Tracer
                0x000000000040f7c8                A_SkelWhoosh
                0x000000000040f7eb                A_SkelFist
                0x000000000040f865                PIT_VileCheck
                0x000000000040f8f7                A_VileChase
                0x000000000040fa5b                A_VileStart
                0x000000000040fa65                A_StartFire
                0x000000000040fa7c                A_Fire
                0x000000000040fb24                A_FireCrackle
                0x000000000040fb3b                A_VileTarget
                0x000000000040fb8e                A_VileAttack
                0x000000000040fc80                A_FatRaise
                0x000000000040fc97                A_FatAttack1
                0x000000000040fd25                A_FatAttack2
                0x000000000040fdb7                A_FatAttack3
                0x000000000040fe95                A_SkullAttack
                0x000000000040ff55                A_PainShootSkull
                0x0000000000410061                A_PainAttack
                0x0000000000410082                A_PainDie
                0x00000000004100bb                A_Scream
                0x0000000000410128                A_XScream
                0x0000000000410132                A_Pain
                0x0000000000410145                A_Explode
                0x0000000000410156                A_BossDeath
                0x0000000000410373                A_Hoof
                0x000000000041038a                A_Metal
                0x00000000004103a1                A_BabyMetal
                0x00000000004103b8                A_OpenShotgun2
                0x00000000004103c5                A_LoadShotgun2
                0x00000000004103d2                A_CloseShotgun2
                0x00000000004103fb                A_BrainAwake
                0x0000000000410455                A_BrainPain
                0x0000000000410461                A_BrainScream
                0x000000000041050e                A_BrainExplode
                0x000000000041058b                A_BrainDie
                0x0000000000410590                A_BrainSpit
                0x0000000000410618                A_SpawnSound
                0x000000000041062f                A_SpawnFly
                0x0000000000410740                A_PlayerScream
 *fill*         0x0000000000410763        0x1 
 .text          0x0000000000410764      0x79b build/p_floor.o
                0x0000000000410764                T_MovePlane
                0x00000000004108a4                T_MoveFloor
                0x0000000000410943                EV_DoFloor
                0x0000000000410d2e                EV_BuildStairs
 *fill*         0x0000000000410eff        0x1 
 .text          0x0000000000410f00      0xed8 build/p_inter.o
                0x0000000000410f00                P_GiveAmmo
                0x0000000000411028                P_GiveWeapon
                0x0000000000411137                P_GiveBody
                0x0000000000411160                P_GiveArmor
                0x0000000000411176                P_GiveCard
                0x0000000000411193                P_GivePower
                0x0000000000411217                P_TouchSpecialThing
                0x000000000041192f                P_KillMobj
                0x0000000000411adc                P_DamageMobj
 .text          0x0000000000411dd8      0x3fa build/p_lights.o
                0x0000000000411dd8                T_FireFlicker
                0x0000000000411e0f                P_SpawnFireFlicker
                0x0000000000411e69                T_LightFlash
                0x0000000000411ea6                P_SpawnLightFlash
                0x0000000000411f11                T_StrobeFlash
                0x0000000000411f42                P_SpawnStrobeFlash
                0x0000000000411fc8                EV_StartLightStrobing
                0x0000000000412013                EV_TurnTagLightsOff
                0x0000000000412096                EV_LightTurnOn
                0x0000000000412124                T_Glow
                0x0000000000412175                P_SpawnGlowingLight
 *fill*         0x00000000004121d2        0x2 
 .text          0x00000000004121d4     0x1556 build/p_map.o
                0x00000000004121d4                PIT_StompThing
                0x000000000041224a                P_TeleportMove
                0x00000000004123ce                PIT_CheckLine
                0x0000000000412574                PIT_CheckThing
                0x0000000000412714                P_CheckPosition
                0x00000000004128e3                P_TryMove
                0x0000000000412a55                P_ThingHeightClip
                0x0000000000412aae                P_HitSlideLine
                0x0000000000412ba2                PTR_SlideTraverse
                0x0000000000412c5d                P_SlideMove
                0x0000000000412e4e                PTR_AimTraverse
                0x0000000000412fd3                PTR_ShootTraverse
                0x00000000004132d9                P_AimLineAttack
                0x0000000000413374                P_LineAttack
                0x00000000004133ed                PTR_UseTraverse
                0x0000000000413455                P_UseLines
                0x00000000004134a0                PIT_RadiusAttack
                0x0000000000413544                P_RadiusAttack
                0x00000000004135db                PIT_ChangeSector
                0x00000000004136c1                P_ChangeSector
 *fill*         0x000000000041372a        0x2 
 .text          0x000000000041372c      0xa7b build/p_maputl.o
                0x000000000041372c                P_AproxDistance
                0x0000000000413747                P_PointOnLineSide
                0x00000000004137bc                P_BoxOnLineSide
                0x000000000041386f                P_PointOnDivlineSide
                0x00000000004138ee                P_MakeDivline
                0x0000000000413908                P_InterceptVector
                0x0000000000413980                P_LineOpening
                0x00000000004139c8                P_UnsetThingPosition
                0x0000000000413a65                P_SetThingPosition
                0x0000000000413b11                P_BlockLinesIterator
                0x0000000000413baf                P_BlockThingsIterator
                0x0000000000413c0a                PIT_AddLineIntercepts
                0x0000000000413d72                PIT_AddThingIntercepts
                0x0000000000413e42                P_TraverseIntercepts
                0x0000000000413ed5                P_PathTraverse
 *fill*         0x00000000004141a7        0x1 
 .text          0x00000000004141a8     0x110e build/p_mobj.o
                0x00000000004141a8                P_SetMobjState
                0x000000000041422b                P_RemoveMobj
                0x00000000004142bc                P_ExplodeMissile
                0x0000000000414324                P_XYMovement
                0x00000000004145dc                P_ZMovement
                0x0000000000414789                P_NightmareRespawn
                0x00000000004148a3                P_SpawnMobj
                0x00000000004149de                P_MobjThinker
                0x0000000000414a91                P_RespawnSpecials
                0x0000000000414bb6                P_SpawnPlayer
                0x0000000000414ce7                P_SpawnMapThing
                0x0000000000414ee6                P_SpawnPuff
                0x0000000000414f72                P_SpawnBlood
                0x0000000000415006                P_CheckMissileSpawn
                0x000000000041505f                P_SubstNullMobj
                0x0000000000415087                P_SpawnMissile
                0x0000000000415193                P_SpawnPlayerMissile
 *fill*         0x00000000004152b6        0x2 
 .text          0x00000000004152b8      0x4cd build/p_plats.o
                0x00000000004152b8                T_PlatRaise
                0x00000000004153ef                P_RemoveActivePlat
                0x0000000000415442                EV_DoPlat
                0x00000000004156ea                P_ActivateInStasis
                0x000000000041571d                P_AddActivePlat
                0x0000000000415748                EV_StopPlat
 *fill*         0x0000000000415785        0x3 
 .text          0x0000000000415788      0xb8a build/p_pspr.o
                0x0000000000415788                P_SetPsprite
                0x000000000041581c                P_CalcSwing
                0x0000000000415867                P_BringUpWeapon
                0x00000000004158c3                P_CheckAmmo
                0x00000000004159db                P_FireWeapon
                0x0000000000415a1b                P_DropWeapon
                0x0000000000415a30                A_WeaponReady
                0x0000000000415b3d                A_ReFire
                0x0000000000415b6c                A_CheckReload
                0x0000000000415b71                A_Lower
                0x0000000000415baf                A_Raise
                0x0000000000415bdf                A_GunFlash
                0x0000000000415c0c                A_Punch
                0x0000000000415cd0                A_Saw
                0x0000000000415ddd                A_FireMissile
                0x0000000000415e00                A_FireBFG
                0x0000000000415e24                A_FirePlasma
                0x0000000000415e73                P_BulletSlope
                0x0000000000415ee4                P_GunShot
                0x0000000000415f5a                A_FirePistol
                0x0000000000415fc0                A_FireShotgun
                0x000000000041602c                A_FireShotgun2
                0x0000000000416125                A_FireCGun
                0x00000000004161d5                A_Light0
                0x00000000004161e0                A_Light1
                0x00000000004161eb                A_Light2
                0x00000000004161f6                A_BFGSpray
                0x0000000000416294                A_BFGsound
                0x00000000004162a1                P_SetupPsprites
                0x00000000004162bf                P_MovePsprites
 *fill*         0x0000000000416312        0x2 
 .text          0x0000000000416314     0x1b22 build/p_saveg.o
                0x0000000000416314                P_TempSaveGameFile
                0x000000000041633f                P_SaveGameFile
                0x00000000004163c4                P_WriteSaveGameHeader
                0x00000000004164fe                P_ReadSaveGameHeader
                0x000000000041663a                P_ReadSaveGameEOF
                0x000000000041664b                P_WriteSaveGameEOF
                0x0000000000416655                P_ArchivePlayers
                0x00000000004169ac                P_UnArchivePlayers
                0x0000000000416cef                P_ArchiveWorld
                0x0000000000416f18                P_UnArchiveWorld
                0x000000000041714a                P_ArchiveThinkers
                0x00000000004173a5                P_UnArchiveThinkers
                0x0000000000417688                P_ArchiveSpecials
                0x00000000004179ae                P_UnArchiveSpecials
 *fill*         0x0000000000417e36        0x2 
 .text          0x0000000000417e38      0xe28 build/p_setup.o
                0x0000000000417e38                P_LoadVertexes
                0x0000000000417eaa                GetSectorAtNullAddress
                0x0000000000417f22                P_LoadSegs
                0x000000000041808e                P_LoadSubsectors
                0x0000000000418120                P_LoadSectors
                0x000000000041820c                P_LoadNodes
                0x00000000004182c6                P_LoadThings
                0x0000000000418388                P_LoadLineDefs
                0x0000000000418592                P_LoadSideDefs
                0x0000000000418683                P_LoadBlockMap
                0x0000000000418712                P_GroupLines
                0x0000000000418988                P_SetupLevel
                0x0000000000418c4a                P_Init
 .text          0x0000000000418c60      0x429 build/p_sight.o
                0x0000000000418c60                P_DivlineSide
                0x0000000000418cc3                P_InterceptVector2
                0x0000000000418d3b                P_CrossSubsector
                0x0000000000418f2a                P_CrossBSPNode
                0x0000000000418fc2                P_CheckSight
 *fill*         0x0000000000419089        0x3 
 .text          0x000000000041908c      0xf26 build/p_spec.o
                0x000000000041908c                P_InitPicAnims
                0x000000000041916a                getSide
                0x000000000041919d                getSector
                0x00000000004191d1                twoSided
                0x00000000004191f3                getNextSector
                0x000000000041920b                P_FindLowestFloorSurrounding
                0x0000000000419248                P_FindHighestFloorSurrounding
                0x000000000041928e                P_FindNextHighestFloor
                0x000000000041934e                P_FindLowestCeilingSurrounding
                0x0000000000419395                P_FindHighestCeilingSurrounding
                0x00000000004193d6                P_FindSectorFromLineTag
                0x0000000000419418                P_FindMinSurroundingLight
                0x0000000000419457                P_CrossSpecialLine
                0x0000000000419890                P_ShootSpecialLine
                0x00000000004198f9                P_PlayerInSpecialSector
                0x00000000004199d3                P_UpdateSpecials
                0x0000000000419b66                EV_DoDonut
                0x0000000000419e05                P_SpawnSpecials
 *fill*         0x0000000000419fb2        0x2 
 .text          0x0000000000419fb4      0x5ee build/p_switch.o
                0x0000000000419fb4                P_InitSwitchList
                0x000000000041a055                P_StartButton
                0x000000000041a0bf                P_ChangeSwitchTexture
                0x000000000041a238                P_UseSpecialLine
 *fill*         0x000000000041a5a2        0x2 
 .text          0x000000000041a5a4      0x19e build/p_telept.o
                0x000000000041a5a4                EV_Teleport
 *fill*         0x000000000041a742        0x2 
 .text          0x000000000041a744      0x115 build/p_tick.o
                0x000000000041a744                P_InitThinkers
                0x000000000041a75b                P_AddThinker
                0x000000000041a779                P_RemoveThinker
                0x000000000041a782                P_AllocateThinker
                0x000000000041a783                P_RunThinkers
                0x000000000041a7d6                P_Ticker
 *fill*         0x000000000041a859        0x3 
 .text          0x000000000041a85c      0x4be build/p_user.o
                0x000000000041a85c                P_Thrust
                0x000000000041a89a                P_CalcHeight
                0x000000000041a99f                P_MovePlayer
                0x000000000041aa30                P_DeathThink
                0x000000000041aafc                P_PlayerThink
 *fill*         0x000000000041ad1a        0x2 
 .text          0x000000000041ad1c      0x524 build/r_bsp.o
                0x000000000041ad1c                R_ClearDrawSegs
                0x000000000041ad28                R_ClipSolidWallSegment
                0x000000000041ae19                R_ClipPassWallSegment
                0x000000000041ae85                R_ClearClipSegs
                0x000000000041aeb2                R_AddLine
                0x000000000041afc7                R_CheckBBox
                0x000000000041b0e2                R_Subsector
                0x000000000041b1b8                R_RenderBSPNode
 .text          0x000000000041b240      0xeb5 build/r_data.o
                0x000000000041b240                R_DrawColumnInCache
                0x000000000041b2b5                R_GenerateComposite
                0x000000000041b3f2                R_GenerateLookup
                0x000000000041b598                R_GetColumn
                0x000000000041b609                R_InitTextures
                0x000000000041bb44                R_InitFlats
                0x000000000041bbb1                R_InitSpriteLumps
                0x000000000041bca6                R_InitColormaps
                0x000000000041bcc6                R_InitData
                0x000000000041bd13                R_FlatNumForName
                0x000000000041bd56                R_CheckTextureNumForName
                0x000000000041bdb1                R_TextureNumForName
                0x000000000041bddd                R_PrecacheLevel
 *fill*         0x000000000041c0f5        0x3 
 .text          0x000000000041c0f8      0xc14 build/r_draw.o
                0x000000000041c0f8                R_DrawColumn
                0x000000000041c1b0                R_DrawColumnLow
                0x000000000041c27c                R_DrawFuzzColumn
                0x000000000041c35e                R_DrawFuzzColumnLow
                0x000000000041c47f                R_DrawTranslatedColumn
                0x000000000041c540                R_DrawTranslatedColumnLow
                0x000000000041c637                R_InitTranslationTables
                0x000000000041c6cd                R_DrawSpan
                0x000000000041c7a9                R_DrawSpanLow
                0x000000000041c8b6                R_InitBuffer
                0x000000000041c932                R_FillBackScreen
                0x000000000041cbd2                R_VideoErase
                0x000000000041cbf6                R_DrawViewBorder
 .text          0x000000000041cd0c      0x955 build/r_main.o
                0x000000000041cd0c                R_AddPointToBox
                0x000000000041cd2b                R_PointOnSide
                0x000000000041cda4                R_PointOnSegSide
                0x000000000041ce2a                R_PointToAngle
                0x000000000041cf17                R_PointToAngle2
                0x000000000041cf2c                R_PointToDist
                0x000000000041cf85                R_InitPointToAngle
                0x000000000041cf86                R_ScaleFromGlobalAngle
                0x000000000041d009                R_InitTables
                0x000000000041d00a                R_InitTextureMapping
                0x000000000041d10e                R_InitLightTables
                0x000000000041d1b1                R_SetViewSize
                0x000000000041d1c8                R_ExecuteSetViewSize
                0x000000000041d46b                R_Init
                0x000000000041d4ef                R_PointInSubsector
                0x000000000041d54f                R_SetupFrame
                0x000000000041d61b                R_RenderPlayerView
 *fill*         0x000000000041d661        0x3 
 .text          0x000000000041d664      0x6f8 build/r_plane.o
                0x000000000041d664                R_InitPlanes
                0x000000000041d665                R_MapPlane
                0x000000000041d7eb                R_ClearPlanes
                0x000000000041d895                R_FindPlane
                0x000000000041d94a                R_CheckPlane
                0x000000000041d9d9                R_MakeSpans
                0x000000000041daf7                R_DrawPlanes
 .text          0x000000000041dd5c      0xdd7 build/r_segs.o
                0x000000000041dd5c                R_RenderMaskedSegRange
                0x000000000041df75                R_RenderSegLoop
                0x000000000041e2c9                R_StoreWallRange
 *fill*         0x000000000041eb33        0x1 
 .text          0x000000000041eb34        0xb build/r_sky.o
                0x000000000041eb34                R_InitSkyMap
 *fill*         0x000000000041eb3f        0x1 
 .text          0x000000000041eb40      0xfe2 build/r_things.o
                0x000000000041eb40                R_InstallSpriteLump
                0x000000000041ec7f                R_InitSpriteDefs
                0x000000000041ef27                R_InitSprites
                0x000000000041ef48                R_ClearSprites
                0x000000000041ef54                R_NewVisSprite
                0x000000000041ef77                R_DrawMaskedColumn
                0x000000000041f04c                R_DrawVisSprite
                0x000000000041f179                R_ProjectSprite
                0x000000000041f461                R_AddSprites
                0x000000000041f4c1                R_DrawPSprite
                0x000000000041f6b1                R_DrawPlayerSprites
                0x000000000041f73e                R_SortVisSprites
                0x000000000041f83b                R_DrawSprite
                0x000000000041fa9d                R_DrawMasked
 *fill*         0x000000000041fb22        0x2 
 .text          0x000000000041fb24     0x1450 build/sha1.o
                0x000000000041fb24                SHA1_Init
                0x000000000041fb3f                SHA1_Update
                0x0000000000420dd6                SHA1_Final
                0x0000000000420f33                SHA1_UpdateInt32
                0x0000000000420f4c                SHA1_UpdateString
 .text          0x0000000000420f74       0x4d build/statdump.o
                0x0000000000420f74                StatCopy
                0x0000000000420fc0                StatDump
 *fill*         0x0000000000420fc1        0x3 
 .text          0x0000000000420fc4      0x3df build/st_lib.o
                0x0000000000420fc4                STlib_init
                0x0000000000420fdd                STlib_initNum
                0x0000000000420ffd                STlib_drawNum
                0x0000000000421186                STlib_updateNum
                0x0000000000421194                STlib_initPercent
                0x00000000004211b7                STlib_updatePercent
                0x00000000004211ea                STlib_initMultIcon
                0x0000000000421203                STlib_updateMultIcon
                0x00000000004212d6                STlib_initBinIcon
                0x00000000004212ef                STlib_updateBinIcon
 *fill*         0x00000000004213a3        0x1 
 .text          0x00000000004213a4     0x19b2 build/st_stuff.o
                0x00000000004213a4                ST_refreshBackground
                0x0000000000421412                ST_Responder
                0x00000000004218eb                ST_calcPainOffset
                0x000000000042193a                ST_updateFaceWidget
                0x0000000000421e48                ST_updateWidgets
                0x0000000000421f2c                ST_Ticker
                0x0000000000421f55                ST_doPaletteStuff
                0x0000000000422019                ST_drawWidgets
                0x00000000004220fc                ST_doRefresh
                0x0000000000422117                ST_diffDraw
                0x000000000042211e                ST_Drawer
                0x0000000000422174                ST_loadGraphics
                0x00000000004224d0                ST_loadData
                0x00000000004224e7                ST_unloadGraphics
                0x000000000042281d                ST_unloadData
                0x0000000000422822                ST_initData
                0x00000000004228ac                ST_createWidgets
                0x0000000000422c54                ST_Start
                0x0000000000422cfb                ST_Stop
                0x0000000000422d26                ST_Init
 *fill*         0x0000000000422d56        0x2 
 .text          0x0000000000422d58      0x76b build/s_sound.o
                0x0000000000422d58                S_Init
                0x0000000000422e03                S_SetSfxVolume
                0x0000000000422e24                S_SetMusicVolume
                0x0000000000422e45                S_Shutdown
                0x0000000000422e51                S_Start
                0x0000000000422f31                S_ChangeMusic
                0x0000000000423006                S_StopSound
                0x000000000042303d                S_StartSound
                0x0000000000423348                S_PauseSound
                0x000000000042336a                S_ResumeSound
                0x000000000042338c                S_UpdateSounds
                0x0000000000423464                S_StartMusic
                0x000000000042346b                S_StopMusic
                0x00000000004234be                S_MusicPlaying
 *fill*         0x00000000004234c3        0x1 
 .text          0x00000000004234c4       0x26 build/tables.o
                0x00000000004234c4                SlopeDiv
 *fill*         0x00000000004234ea        0x2 
 .text          0x00000000004234ec      0xeec build/v_video.o
                0x00000000004234ec                V_MarkRect
                0x000000000042354b                V_CopyRect
                0x000000000042362e                V_SetPatchClipCallback
                0x0000000000423636                V_DrawPatch
                0x000000000042376e                V_DrawPatchFlipped
                0x0000000000423891                V_DrawPatchDirect
                0x0000000000423896                V_DrawTLPatch
                0x00000000004239a1                V_DrawXlaPatch
                0x0000000000423a88                V_DrawAltTLPatch
                0x0000000000423b93                V_DrawShadowedPatch
                0x0000000000423cb7                V_LoadTintTable
                0x0000000000423cd0                V_LoadXlaTable
                0x0000000000423ce9                V_DrawBlock
                0x0000000000423d8b                V_DrawFilledBox
                0x0000000000423df4                V_DrawHorizLine
                0x0000000000423e1c                V_DrawVertLine
                0x0000000000423e43                V_DrawBox
                0x0000000000423f0c                V_DrawRawScreen
                0x0000000000423f20                V_Init
                0x0000000000423f21                V_UseBuffer
                0x0000000000423f29                V_RestoreBuffer
                0x0000000000423f38                WritePCXfile
                0x0000000000424044                V_ScreenShot
                0x00000000004240c4                V_DrawMouseSpeedBox
 .text          0x00000000004243d8     0x22f1 build/wi_stuff.o
                0x00000000004243d8                WI_slamBackground
                0x00000000004243e8                WI_Responder
                0x00000000004243eb                WI_drawLF
                0x00000000004244bf                WI_drawEL
                0x000000000042452b                WI_drawOnLnode
                0x00000000004245de                WI_initAnimatedBack
                0x00000000004246a3                WI_updateAnimatedBack
                0x00000000004247b2                WI_drawAnimatedBack
                0x0000000000424820                WI_drawNum
                0x00000000004248fc                WI_drawPercent
                0x000000000042492d                WI_drawTime
                0x00000000004249ea                WI_End
                0x00000000004249ef                WI_unloadData
                0x0000000000424dea                WI_initNoState
                0x0000000000424e06                WI_updateNoState
                0x0000000000424e1c                WI_initShowNextLoc
                0x0000000000424e3c                WI_updateShowNextLoc
                0x0000000000424e8b                WI_drawShowNextLoc
                0x0000000000424f40                WI_drawNoState
                0x0000000000424f4f                WI_fragSum
                0x0000000000424f93                WI_initDeathmatchStats
                0x0000000000425041                WI_updateDeathmatchStats
                0x0000000000425283                WI_drawDeathmatchStats
                0x000000000042547b                WI_initNetgameStats
                0x0000000000425528                WI_updateNetgameStats
                0x00000000004258ee                WI_drawNetgameStats
                0x0000000000425b54                WI_initStats
                0x0000000000425ba1                WI_updateStats
                0x0000000000425ee4                WI_drawStats
                0x000000000042600a                WI_checkForAccelerate
                0x000000000042606c                WI_Ticker
                0x00000000004260e9                WI_loadData
                0x000000000042659f                WI_Drawer
                0x00000000004265e6                WI_initVariables
                0x0000000000426652                WI_Start
 *fill*         0x00000000004266c9        0x3 
 .text          0x00000000004266cc      0x10f build/w_checksum.o
                0x00000000004266cc                W_Checksum
 *fill*         0x00000000004267db        0x1 
 .text          0x00000000004267dc       0x28 build/w_file.o
                0x00000000004267dc                W_OpenFile
                0x00000000004267f5                W_CloseFile
                0x00000000004267fb                W_Read
 .text          0x0000000000426804       0x71 build/w_main.o
                0x0000000000426804                W_ParseCommandLine
 *fill*         0x0000000000426875        0x3 
 .text          0x0000000000426878      0x685 build/w_wad.o
                0x0000000000426878                W_LumpNameHash
                0x00000000004268ab                W_AddFile
                0x0000000000426b3d                W_NumLumps
                0x0000000000426b44                W_CheckNumForName
                0x0000000000426bdf                W_GetNumForName
                0x0000000000426c0a                W_LumpLength
                0x0000000000426c36                W_ReadLump
                0x0000000000426cac                W_CacheLumpNum
                0x0000000000426d6d                W_CacheLumpName
                0x0000000000426d7f                W_ReleaseLumpNum
                0x0000000000426dce                W_ReleaseLumpName
                0x0000000000426ddc                W_GenerateHashTable
                0x0000000000426e80                W_CheckCorrectIWAD
 *fill*         0x0000000000426efd        0x3 
 .text          0x0000000000426f00      0x5d4 build/z_zone.o
                0x0000000000426f00                Z_ClearZone
                0x0000000000426f37                Z_Init
                0x0000000000426f8e                Z_Free
                0x000000000042702f                Z_Malloc
                0x0000000000427148                Z_FreeTags
                0x000000000042719b                Z_DumpHeap
                0x000000000042726c                Z_FileDumpHeap
                0x000000000042738d                Z_CheckHeap
                0x0000000000427417                Z_ChangeTag2
                0x0000000000427470                Z_ChangeUser
                0x000000000042749e                Z_FreeMemory
                0x00000000004274ca                Z_ZoneSize
 .text          0x00000000004274d4       0xa1 build/w_file_stdc.o
                0x00000000004274d4                W_StdC_Read
 *fill*         0x0000000000427575        0x3 
 .text          0x0000000000427578       0xd7 build/i_input.o
                0x0000000000427578                I_GetEvent
                0x000000000042764e                I_InitInput
 *fill*         0x000000000042764f        0x1 
 .text          0x0000000000427650      0x444 build/i_video.o
                0x0000000000427650                cmap_to_rgb565
                0x00000000004276aa                cmap_to_fb
                0x0000000000427796                I_InitGraphics
                0x000000000042790c                I_ShutdownGraphics
                0x0000000000427918                I_StartFrame
                0x0000000000427919                I_StartTic
                0x000000000042791e                I_UpdateNoBlit
                0x000000000042791f                I_FinishUpdate
                0x00000000004279dc                I_ReadScreen
                0x00000000004279ed                I_SetPalette
                0x0000000000427a3d                I_GetPaletteIndex
                0x0000000000427a87                I_BeginRead
                0x0000000000427a88                I_EndRead
                0x0000000000427a89                I_SetWindowTitle
                0x0000000000427a8e                I_GraphicsCheckCommandLine
                0x0000000000427a8f                I_SetGrabMouseCallback
                0x0000000000427a90                I_EnableLoadingDisk
                0x0000000000427a91                I_BindVideoVariables
                0x0000000000427a92                I_DisplayFPSDots
                0x0000000000427a93                I_CheckIsScreensaver
 .text          0x0000000000427a94       0x31 build/doomgeneric.o
                0x0000000000427a94                doomgeneric_Create
 *fill*         0x0000000000427ac5        0x3 
 .text          0x0000000000427ac8      0x3ae build/doomgeneric_xlib.o
                0x0000000000427ac8                DG_Init
                0x0000000000427c2b                DG_DrawFrame
                0x0000000000427d9c                DG_SleepMs
                0x0000000000427da7                DG_GetTicksMs
                0x0000000000427de7                DG_GetKey
                0x0000000000427e19                DG_SetWindowTitle
                0x0000000000427e67                main
 *fill*         0x0000000000427e76        0xa 
 .text          0x0000000000427e80       0x75 /usr/lib/x86_64-linux-gnu/libc_nonshared.a(elf-init.oS)
                0x0000000000427e80                __libc_csu_init
                0x0000000000427ef0                __libc_csu_fini
 *(.gnu.warning)

.fini           0x0000000000427ef8        0xd
 *(SORT_NONE(.fini))
 .fini          0x0000000000427ef8        0x8 /usr/bin/../lib/gcc/x86_64-linux-gnu/9/../../../x86_64-linux-gnu/crti.o
                0x0000000000427ef8                _fini
 .fini          0x0000000000427f00        0x5 /usr/bin/../lib/gcc/x86_64-linux-gnu/9/../../../x86_64-linux-gnu/crtn.o
                [!provide]                        PROVIDE (__etext = .)
                [!provide]                        PROVIDE (_etext = .)
                [!provide]                        PROVIDE (etext = .)
                0x0000000000428000                . = ALIGN (CONSTANT (MAXPAGESIZE))
                0x0000000000428000                . = SEGMENT_START ("rodata-segment", (ALIGN (CONSTANT (MAXPAGESIZE)) + (. & (CONSTANT (MAXPAGESIZE) - 0x1))))

.rodata         0x0000000000428000    0x19210
 *(.rodata .rodata.* .gnu.linkonce.r.*)
 .rodata.str1.1
                0x0000000000428000       0x67 build/am_map.o
 *fill*         0x0000000000428067        0x9 
 .rodata.cst32  0x0000000000428070       0x20 build/am_map.o
 .rodata.cst16  0x0000000000428090       0x10 build/am_map.o
 .rodata.str1.1
                0x00000000004280a0      0x328 build/dstrings.o
 .rodata.str1.1
                0x00000000004283c8      0x1b6 build/d_iwad.o
                                        0x1d3 (size before relaxing)
 *fill*         0x000000000042857e        0x2 
 .rodata        0x0000000000428580      0x150 build/d_iwad.o
 .rodata.str1.1
                0x00000000004286d0       0x6e build/d_loop.o
 *fill*         0x000000000042873e        0x2 
 .rodata        0x0000000000428740      0x240 build/d_main.o
 .rodata.cst16  0x0000000000428980       0x10 build/d_main.o
 .rodata.str1.1
                0x0000000000428990      0x947 build/d_main.o
                                        0x995 (size before relaxing)
 *fill*         0x00000000004292d7        0x9 
 .rodata        0x00000000004292e0      0x188 build/d_mode.o
 .rodata.str1.1
                0x0000000000429468       0x1a build/d_mode.o
                                         0x3c (size before relaxing)
 .rodata.str1.1
                0x0000000000429482      0x155 build/d_net.o
                                        0x16d (size before relaxing)
 *fill*         0x00000000004295d7        0x1 
 .rodata        0x00000000004295d8       0x20 build/f_finale.o
 .rodata.str1.1
                0x00000000004295f8     0x1ef5 build/f_finale.o
                                       0x1f08 (size before relaxing)
 *fill*         0x000000000042b4ed        0x3 
 .rodata        0x000000000042b4f0       0x30 build/f_wipe.o
 .rodata        0x000000000042b520      0x1e0 build/g_game.o
 .rodata.cst16  0x000000000042b700       0x10 build/g_game.o
 .rodata.cst4   0x000000000042b710        0x4 build/g_game.o
 .rodata.str1.1
                0x000000000042b714      0x348 build/g_game.o
                                        0x369 (size before relaxing)
 *fill*         0x000000000042ba5c        0x4 
 .rodata        0x000000000042ba60       0x20 build/hu_stuff.o
 .rodata.str1.1
                0x000000000042ba80      0xc0f build/hu_stuff.o
 .rodata.str1.1
                0x000000000042c68f      0x2a3 build/info.o
                                        0x2b2 (size before relaxing)
 .rodata.str1.1
                0x000000000042c932       0xa7 build/i_joystick.o
 .rodata.str1.1
                0x000000000042c9d9       0x9e build/i_sound.o
                                         0x9f (size before relaxing)
 .rodata.str1.1
                0x000000000042ca77      0x211 build/i_system.o
 .rodata        0x000000000042cc88       0x1e build/i_system.o
 *fill*         0x000000000042cca6        0xa 
 .rodata.cst16  0x000000000042ccb0       0x10 build/m_bbox.o
 .rodata        0x000000000042ccc0      0x230 build/m_config.o
 .rodata.str1.1
                0x000000000042cef0      0xa6e build/m_config.o
                                        0xc1c (size before relaxing)
 .rodata.str1.1
                0x000000000042d95e       0x16 build/m_controls.o
                                        0x630 (size before relaxing)
 .rodata.str1.1
                0x000000000042d974      0x3f7 build/m_menu.o
                                        0x40f (size before relaxing)
 *fill*         0x000000000042dd6b        0x5 
 .rodata        0x000000000042dd70       0x20 build/m_menu.o
 .rodata.str1.1
                0x000000000042dd90       0xde build/m_misc.o
                                         0xec (size before relaxing)
 *fill*         0x000000000042de6e        0x2 
 .rodata        0x000000000042de70      0x100 build/m_random.o
 .rodata        0x000000000042df70       0x60 build/p_ceilng.o
 .rodata        0x000000000042dfd0       0xa0 build/p_doors.o
 .rodata.str1.1
                0x000000000042e070      0x137 build/p_doors.o
 *fill*         0x000000000042e1a7        0x1 
 .rodata        0x000000000042e1a8       0x20 build/p_enemy.o
 .rodata.str1.1
                0x000000000042e1c8       0x3b build/p_enemy.o
 *fill*         0x000000000042e203        0x5 
 .rodata        0x000000000042e208       0x68 build/p_floor.o
 .rodata        0x000000000042e270      0x188 build/p_inter.o
 .rodata.str1.1
                0x000000000042e3f8      0x3d7 build/p_inter.o
 .rodata.str1.1
                0x000000000042e7cf       0x72 build/p_map.o
 *fill*         0x000000000042e841        0xf 
 .rodata        0x000000000042e850      0x248 build/p_maputl.o
 .rodata.str1.1
                0x000000000042ea98       0x2d build/p_mobj.o
 *fill*         0x000000000042eac5        0x3 
 .rodata        0x000000000042eac8       0x28 build/p_plats.o
 .rodata.str1.1
                0x000000000042eaf0       0x45 build/p_plats.o
 *fill*         0x000000000042eb35        0x3 
 .rodata        0x000000000042eb38       0x40 build/p_saveg.o
 .rodata.str1.1
                0x000000000042eb78       0xc3 build/p_saveg.o
                                         0xe1 (size before relaxing)
 .rodata.str1.1
                0x000000000042ec3b       0x5a build/p_setup.o
 .rodata.str1.1
                0x000000000042ec95       0x28 build/p_sight.o
 *fill*         0x000000000042ecbd        0x3 
 .rodata        0x000000000042ecc0      0x550 build/p_spec.o
 .rodata.str1.1
                0x000000000042f210      0x242 build/p_spec.o
 *fill*         0x000000000042f452        0x6 
 .rodata        0x000000000042f458      0x460 build/p_switch.o
 .rodata.str1.1
                0x000000000042f8b8       0x25 build/p_switch.o
 .rodata.str1.1
                0x000000000042f8dd       0x23 build/r_bsp.o
 .rodata.str1.1
                0x000000000042f900      0x120 build/r_data.o
                                        0x12e (size before relaxing)
 .rodata.str1.1
                0x000000000042fa20       0xa6 build/r_draw.o
 .rodata.str1.1
                0x000000000042fac6       0xa6 build/r_plane.o
 .rodata.str1.1
                0x000000000042fb6c       0x20 build/r_segs.o
 .rodata.str1.1
                0x000000000042fb8c      0x1d2 build/r_things.o
 *fill*         0x000000000042fd5e        0x2 
 .rodata.cst16  0x000000000042fd60       0x10 build/sha1.o
 .rodata.str1.1
                0x000000000042fd70      0x186 build/sounds.o
                                        0x191 (size before relaxing)
 .rodata.str1.1
                0x000000000042fef6        0xa build/statdump.o
 .rodata.str1.1
                0x000000000042fef6       0x5b build/st_lib.o
 .rodata.str1.1
                0x000000000042ff51      0x1b1 build/st_stuff.o
                                        0x1b9 (size before relaxing)
 *fill*         0x0000000000430102        0xe 
 .rodata        0x0000000000430110       0x24 build/s_sound.o
 .rodata.str1.1
                0x0000000000430134       0x69 build/s_sound.o
 *fill*         0x000000000043019d        0x3 
 .rodata        0x00000000004301a0    0x10510 build/tables.o
                0x00000000004301a0                finetangent
                0x00000000004341a0                finesine
                0x000000000043e1a0                tantoangle
                0x00000000004401b0                gammatable
 .rodata.cst4   0x00000000004406b0        0x4 build/v_video.o
 *fill*         0x00000000004406b4        0xc 
 .rodata.cst16  0x00000000004406c0       0x10 build/v_video.o
 .rodata.cst8   0x00000000004406d0        0x8 build/v_video.o
 .rodata.str1.1
                0x00000000004406d8      0x100 build/v_video.o
                                        0x108 (size before relaxing)
 *fill*         0x00000000004407d8        0x8 
 .rodata        0x00000000004407e0      0x1d0 build/wi_stuff.o
 .rodata.str1.1
                0x00000000004409b0       0xf9 build/wi_stuff.o
                                        0x10b (size before relaxing)
 *fill*         0x0000000000440aa9        0x7 
 .rodata.str4.16
                0x0000000000440ab0       0x10 build/wi_stuff.o
 .rodata.str1.1
                0x0000000000440ac0        0x6 build/w_file.o
 .rodata.str1.1
                0x0000000000440ac6        0x6 build/w_main.o
                                         0x12 (size before relaxing)
 .rodata.str1.1
                0x0000000000440acc      0x1d2 build/w_wad.o
                                        0x1d6 (size before relaxing)
 *fill*         0x0000000000440c9e        0x2 
 .rodata        0x0000000000440ca0       0x40 build/w_wad.o
 .rodata.str1.1
                0x0000000000440ce0      0x323 build/z_zone.o
 .rodata.str1.1
                0x0000000000441003        0x3 build/w_file_stdc.o
 *fill*         0x0000000000441003        0xd 
 .rodata        0x0000000000441010       0x80 build/i_input.o
 .rodata.str1.1
                0x0000000000441090      0x15b build/i_video.o
 *fill*         0x00000000004411eb        0x5 
 .rodata        0x00000000004411f0       0x20 build/doomgeneric_xlib.o

.rodata1
 *(.rodata1)

.eh_frame_hdr   0x0000000000441210     0x1a3c
 *(.eh_frame_hdr)
 .eh_frame_hdr  0x0000000000441210     0x1a3c /usr/bin/../lib/gcc/x86_64-linux-gnu/9/../../../x86_64-linux-gnu/crt1.o
                0x0000000000441210                __GNU_EH_FRAME_HDR
 *(.eh_frame_entry .eh_frame_entry.*)

.eh_frame       0x0000000000442c50     0x7fb8
 *(.eh_frame)
 .eh_frame      0x0000000000442c50       0x40 /usr/bin/../lib/gcc/x86_64-linux-gnu/9/../../../x86_64-linux-gnu/crt1.o
                                         0x5c (size before relaxing)
 *fill*         0x0000000000442c90        0x0 
 .eh_frame      0x0000000000442c90       0x28 /usr/bin/../lib/gcc/x86_64-linux-gnu/9/../../../x86_64-linux-gnu/crt1.o
                                         0x40 (size before relaxing)
 .eh_frame      0x0000000000442cb8        0x0 /usr/bin/../lib/gcc/x86_64-linux-gnu/9/../../../x86_64-linux-gnu/crt1.o
 .eh_frame      0x0000000000442cb8        0x0 build/dummy.o
                                         0x30 (size before relaxing)
 .eh_frame      0x0000000000442cb8      0x520 build/am_map.o
                                        0x538 (size before relaxing)
 .eh_frame      0x00000000004431d8       0x28 build/d_event.o
                                         0x40 (size before relaxing)
 .eh_frame      0x0000000000443200      0x140 build/d_iwad.o
                                        0x158 (size before relaxing)
 .eh_frame      0x0000000000443340      0x138 build/d_loop.o
                                        0x150 (size before relaxing)
 .eh_frame      0x0000000000443478      0x210 build/d_main.o
                                        0x228 (size before relaxing)
 .eh_frame      0x0000000000443688       0x90 build/d_mode.o
                                         0xa8 (size before relaxing)
 .eh_frame      0x0000000000443718       0x80 build/d_net.o
                                         0x98 (size before relaxing)
 .eh_frame      0x0000000000443798      0x1d8 build/f_finale.o
                                        0x1f0 (size before relaxing)
 .eh_frame      0x0000000000443970      0x1a8 build/f_wipe.o
                                        0x1c0 (size before relaxing)
 .eh_frame      0x0000000000443b18      0x548 build/g_game.o
                                        0x560 (size before relaxing)
 .eh_frame      0x0000000000444060      0x270 build/hu_lib.o
                                        0x288 (size before relaxing)
 .eh_frame      0x00000000004442d0      0x138 build/hu_stuff.o
                                        0x150 (size before relaxing)
 .eh_frame      0x0000000000444408        0x0 build/i_cdmus.o
                                         0xd0 (size before relaxing)
 .eh_frame      0x0000000000444408       0x18 build/i_endoom.o
                                         0x30 (size before relaxing)
 .eh_frame      0x0000000000444420       0x70 build/i_joystick.o
                                         0x88 (size before relaxing)
 .eh_frame      0x0000000000444490        0x0 build/i_scale.o
                                        0x368 (size before relaxing)
 .eh_frame      0x0000000000444490      0x198 build/i_sound.o
                                        0x1b0 (size before relaxing)
 .eh_frame      0x0000000000444628      0x188 build/i_system.o
                                        0x1a0 (size before relaxing)
 .eh_frame      0x00000000004447b0       0x80 build/i_timer.o
                                         0x98 (size before relaxing)
 .eh_frame      0x0000000000444830        0x0 build/memio.o
                                        0x128 (size before relaxing)
 .eh_frame      0x0000000000444830       0x98 build/m_argv.o
                                         0xb0 (size before relaxing)
 .eh_frame      0x00000000004448c8       0x28 build/m_bbox.o
                                         0x40 (size before relaxing)
 .eh_frame      0x00000000004448f0       0x50 build/m_cheat.o
                                         0x68 (size before relaxing)
 .eh_frame      0x0000000000444940      0x1a0 build/m_config.o
                                        0x1b8 (size before relaxing)
 .eh_frame      0x0000000000444ae0      0x100 build/m_controls.o
                                        0x118 (size before relaxing)
 .eh_frame      0x0000000000444be0       0x28 build/m_fixed.o
                                         0x40 (size before relaxing)
 .eh_frame      0x0000000000444c08      0x678 build/m_menu.o
                                        0x690 (size before relaxing)
 .eh_frame      0x0000000000445280      0x378 build/m_misc.o
                                        0x390 (size before relaxing)
 .eh_frame      0x00000000004455f8       0x40 build/m_random.o
                                         0x58 (size before relaxing)
 .eh_frame      0x0000000000445638       0xe8 build/p_ceilng.o
                                        0x100 (size before relaxing)
 .eh_frame      0x0000000000445720      0x120 build/p_doors.o
                                        0x138 (size before relaxing)
 .eh_frame      0x0000000000445840      0xa40 build/p_enemy.o
                                        0xa58 (size before relaxing)
 .eh_frame      0x0000000000446280      0x108 build/p_floor.o
                                        0x120 (size before relaxing)
 .eh_frame      0x0000000000446388      0x198 build/p_inter.o
                                        0x1b0 (size before relaxing)
 .eh_frame      0x0000000000446520      0x1b8 build/p_lights.o
                                        0x1d0 (size before relaxing)
 .eh_frame      0x00000000004466d8      0x3f0 build/p_map.o
                                        0x408 (size before relaxing)
 .eh_frame      0x0000000000446ac8      0x2f8 build/p_maputl.o
                                        0x310 (size before relaxing)
 .eh_frame      0x0000000000446dc0      0x3c8 build/p_mobj.o
                                        0x3e0 (size before relaxing)
 .eh_frame      0x0000000000447188      0x100 build/p_plats.o
                                        0x118 (size before relaxing)
 .eh_frame      0x0000000000447288      0x428 build/p_pspr.o
                                        0x440 (size before relaxing)
 .eh_frame      0x00000000004476b0      0x408 build/p_saveg.o
                                        0x420 (size before relaxing)
 .eh_frame      0x0000000000447ab8      0x280 build/p_setup.o
                                        0x298 (size before relaxing)
 .eh_frame      0x0000000000447d38       0xf8 build/p_sight.o
                                        0x110 (size before relaxing)
 .eh_frame      0x0000000000447e30      0x2d8 build/p_spec.o
                                        0x2f0 (size before relaxing)
 .eh_frame      0x0000000000448108       0xc8 build/p_switch.o
                                         0xe0 (size before relaxing)
 .eh_frame      0x00000000004481d0       0x50 build/p_telept.o
                                         0x68 (size before relaxing)
 .eh_frame      0x0000000000448220       0xa0 build/p_tick.o
                                         0xb8 (size before relaxing)
 .eh_frame      0x00000000004482c0       0xb8 build/p_user.o
                                         0xd0 (size before relaxing)
 .eh_frame      0x0000000000448378      0x170 build/r_bsp.o
                                        0x188 (size before relaxing)
 .eh_frame      0x00000000004484e8      0x290 build/r_data.o
                                        0x2a8 (size before relaxing)
 .eh_frame      0x0000000000448778      0x210 build/r_draw.o
                                        0x228 (size before relaxing)
 .eh_frame      0x0000000000448988      0x228 build/r_main.o
                                        0x240 (size before relaxing)
 .eh_frame      0x0000000000448bb0      0x178 build/r_plane.o
                                        0x190 (size before relaxing)
 .eh_frame      0x0000000000448d28       0xc8 build/r_segs.o
                                         0xe0 (size before relaxing)
 .eh_frame      0x0000000000448df0       0x18 build/r_sky.o
                                         0x30 (size before relaxing)
 .eh_frame      0x0000000000448e08      0x2b8 build/r_things.o
                                        0x2d0 (size before relaxing)
 .eh_frame      0x00000000004490c0      0x128 build/sha1.o
                                        0x140 (size before relaxing)
 .eh_frame      0x00000000004491e8       0x40 build/statdump.o
                                         0x58 (size before relaxing)
 .eh_frame      0x0000000000449228      0x190 build/st_lib.o
                                        0x1a8 (size before relaxing)
 .eh_frame      0x00000000004493b8      0x2a0 build/st_stuff.o
                                        0x2b8 (size before relaxing)
 .eh_frame      0x0000000000449658      0x258 build/s_sound.o
                                        0x270 (size before relaxing)
 .eh_frame      0x00000000004498b0       0x18 build/tables.o
                                         0x30 (size before relaxing)
 .eh_frame      0x00000000004498c8      0x460 build/v_video.o
                                        0x478 (size before relaxing)
 .eh_frame      0x0000000000449d28      0x548 build/wi_stuff.o
                                        0x560 (size before relaxing)
 .eh_frame      0x000000000044a270       0x50 build/w_checksum.o
                                         0x68 (size before relaxing)
 .eh_frame      0x000000000044a2c0       0x48 build/w_file.o
                                         0x60 (size before relaxing)
 .eh_frame      0x000000000044a308       0x30 build/w_main.o
                                         0x48 (size before relaxing)
 .eh_frame      0x000000000044a338      0x238 build/w_wad.o
                                        0x250 (size before relaxing)
 .eh_frame      0x000000000044a570      0x1f0 build/z_zone.o
                                        0x208 (size before relaxing)
 .eh_frame      0x000000000044a760       0x70 build/w_file_stdc.o
                                         0x88 (size before relaxing)
 .eh_frame      0x000000000044a7d0       0x50 build/i_input.o
                                         0x68 (size before relaxing)
 .eh_frame      0x000000000044a820      0x228 build/i_video.o
                                        0x240 (size before relaxing)
 .eh_frame      0x000000000044aa48       0x18 build/doomgeneric.o
                                         0x30 (size before relaxing)
 .eh_frame      0x000000000044aa60      0x148 build/doomgeneric_xlib.o
                                        0x160 (size before relaxing)
 .eh_frame      0x000000000044aba8       0x5c /usr/lib/x86_64-linux-gnu/libc_nonshared.a(elf-init.oS)
                                         0x78 (size before relaxing)
 .eh_frame      0x000000000044ac04        0x4 /usr/bin/../lib/gcc/x86_64-linux-gnu/9/crtend.o
 *(.eh_frame.*)

.gcc_except_table
 *(.gcc_except_table .gcc_except_table.*)

.gnu_extab
 *(.gnu_extab*)

.exception_ranges
 *(.exception_ranges*)
                0x000000000044bdf0                . = DATA_SEGMENT_ALIGN (CONSTANT (MAXPAGESIZE), CONSTANT (COMMONPAGESIZE))

.eh_frame
 *(.eh_frame)
 *(.eh_frame.*)

.gnu_extab
 *(.gnu_extab)

.gcc_except_table
 *(.gcc_except_table .gcc_except_table.*)

.exception_ranges
 *(.exception_ranges*)

.tdata          0x000000000044bdf0        0x0
                [!provide]                        PROVIDE (__tdata_start = .)
 *(.tdata .tdata.* .gnu.linkonce.td.*)

.tbss
 *(.tbss .tbss.* .gnu.linkonce.tb.*)
 *(.tcommon)

.preinit_array  0x000000000044bdf0        0x0
                [!provide]                        PROVIDE (__preinit_array_start = .)
 *(.preinit_array)
                [!provide]                        PROVIDE (__preinit_array_end = .)

.init_array     0x000000000044bdf0        0x8
                0x000000000044bdf0                PROVIDE (__init_array_start = .)
 *(SORT_BY_INIT_PRIORITY(.init_array.*) SORT_BY_INIT_PRIORITY(.ctors.*))
 *(.init_array EXCLUDE_FILE(*crtend?.o *crtend.o *crtbegin?.o *crtbegin.o) .ctors)
 .init_array    0x000000000044bdf0        0x8 /usr/bin/../lib/gcc/x86_64-linux-gnu/9/crtbegin.o
                0x000000000044bdf8                PROVIDE (__init_array_end = .)

.fini_array     0x000000000044bdf8        0x8
                [!provide]                        PROVIDE (__fini_array_start = .)
 *(SORT_BY_INIT_PRIORITY(.fini_array.*) SORT_BY_INIT_PRIORITY(.dtors.*))
 *(.fini_array EXCLUDE_FILE(*crtend?.o *crtend.o *crtbegin?.o *crtbegin.o) .dtors)